ggml_cuda_init: found 1 CUDA devices (Total VRAM: 8187 MiB):
  Device 0: NVIDIA GeForce RTX 4060 Ti, compute capability 8.9, VMM: yes, VRAM: 8187 MiB
whisper_init_from_file_with_params_no_state: loading model from '/home/work/asr/.runtime/models/ggml-small.bin'
whisper_init_with_params_no_state: use gpu    = 1
whisper_init_with_params_no_state: flash attn = 1
whisper_init_with_params_no_state: gpu_device = 0
whisper_init_with_params_no_state: dtw        = 0
whisper_init_with_params_no_state: devices    = 2
whisper_init_with_params_no_state: backends   = 2
whisper_model_load: loading model
whisper_model_load: n_vocab       = 51865
whisper_model_load: n_audio_ctx   = 1500
whisper_model_load: n_audio_state = 768
whisper_model_load: n_audio_head  = 12
whisper_model_load: n_audio_layer = 12
whisper_model_load: n_text_ctx    = 448
whisper_model_load: n_text_state  = 768
whisper_model_load: n_text_head   = 12
whisper_model_load: n_text_layer  = 12
whisper_model_load: n_mels        = 80
whisper_model_load: ftype         = 1
whisper_model_load: qntvr         = 0
whisper_model_load: type          = 3 (small)
whisper_model_load: adding 1608 extra tokens
whisper_model_load: n_langs       = 99
whisper_model_load:        CUDA0 total size =   487.01 MB
whisper_model_load: model size    =  487.01 MB
whisper_backend_init_gpu: device 0: CUDA0 (type: 1)
whisper_backend_init_gpu: found GPU device 0: CUDA0 (type: 1, cnt: 0)
whisper_backend_init_gpu: using CUDA0 backend
whisper_init_state: kv self size  =   18.87 MB
whisper_init_state: kv cross size =   56.62 MB
whisper_init_state: kv pad  size  =    4.72 MB
whisper_init_state: compute buffer (conv)   =   23.38 MB
whisper_init_state: compute buffer (encode) =   33.85 MB
whisper_init_state: compute buffer (cross)  =    6.20 MB
whisper_init_state: compute buffer (decode) =   98.21 MB
read_audio_data: reading audio data from 'reports/video-reimport-20260830-cuda/audio/39256460576-1-192.wav' ...
read_audio_data: trying to decode with miniaudio

system_info: n_threads = 4 / 8 | WHISPER : VITISAI = 0 | COREML = 0 | OPENVINO = 0 | CUDA : ARCHS = 890 | CPU : SSE3 = 1 | SSSE3 = 1 | AVX = 1 | AVX2 = 1 | F16C = 1 | FMA = 1 | BMI2 = 1 | OPENMP = 1 | REPACK = 1 | 

main: processing 'reports/video-reimport-20260830-cuda/audio/39256460576-1-192.wav' (34040454 samples, 2127.5 sec), 4 threads, 1 processors, 5 beams + best of 5, lang = zh, task = transcribe, timestamps = 0 ...


大家好 今天我们来做一个Laura微调大模型的任务为什么要微调大模型呢微调大模型就是给模型一个特定的任务在继续训练大模型让它在这个特定的任务上可以有更好的表现可以做到更好的效果为什么要用到Laura技术Laura技术就是让我们的普通的电脑也能训练大模型因为大模型的参数量非常大普通的电脑是蓝眼隐形起来的比如说我们今天要训练的模型是千万三一点七臂在大模型领域这是一个非常小的大模型只有一点七臂的参数也就是17亿个参数我们可以看到整个模型的大小大概是17亿个参数我们通过Laura技术使得我们只需要训练三百多万个参数也就是占总个模型百分之零点一八的大小就是我们只需要训练大概千分之二的参数就可以了大概要花一个小时训练的数据只有一百条内存是占用了十个句左右如果是用全部的参数来训练的话速度可能会下降几百倍需要用到几百个小时才能训练好我们来具体看我们这个任务我们这个任务要是来做一个诗词创作的大模型我们可以先看一下这个效果这个是原始的数据就是我们最后整理好了要输给大模型的数据这边是我们系统系统说的话你是一个才华横溢的世人模仿苏氏根据给定了创作背景生成一首诗好接下来是给他用户给他具体的时间地点事件等等比如说是北宋元风2年到元风8年前续事件是屋台诗案后被扁黄州这边期间心境孤寂淡矿达关键意向江水西阳谷级英雄等等最后我们需要这个模型生成一首诗就是根据这个创作背景来的生成一首比如说是水龙营古来云海茫茫道山降缺之河处人间自由等等等等这个就是我们这个任务再看一下我这边已经训练好最终的一个效果当然这个效果可能不怎么好因为我只用了100条数据来训练我们等会再重新训练一个更多的数据好这个是我们给他的背景是隆东大学老有来访接下来是这个大模型他有一个思考大家可以看一下他生成的效果怎么样然后是第二首那接下来我们就来看这个模型怎么训练起来那其实这个模型训练非常简单只需要几步我们来看这个我把这个所有的步骤都写到这个里面了我们来看看吧首先第一步要安装环境安装环境先给我们的电脑配置一下国内的清华景象这个是为了加速作用也可以调过第二个是创建一个 n 空打的环蓄力环境如果没有 n 空打就调过如果有的话建议是创建一个新环境当然也可以调过接下来安装这个环境看一下这个代码pip install-requirements.txt就是安装这个文件里面所有的裤可以看一下这个文件requirements就是安装这五个裤好那我们现在来演示一下我这边用远程服务器的安装因为这边我自己的电脑已经训练过了而且速度很慢现在用服务器我代码已经同步到这里了原始的代码应该是这么多pip install-requirements他是开始安装需要的裤好这边是安装好了好 接下来这边看也可以从服务器上看也可以下第一步刚才0这下第一步是下载模型我们要下载一个1.7B的大模型我们复制这样的代码直接粘贴到下面运行他就会开始下载这个1.7B我们可以看一下下载速度我这边是挺快的一共是3.2G这边速度很快 放小一点大概还需要1分多钟我可以看一下这个里面的代码是长这样子的我们设置一个模型下载的代码我们刚刚本来没有这个我们点下载之后运行下载之后他就会自己创造一个这样的文件夹并且把这个1.7B的模型下载到这里面这个模型应该要3.9G现在已经下载了1.9G然后我们使用的是这个model scope这个是国内的一个模型cool在国内下载速度非常快当然我们可以用国外的国外的就是hugging face那么现在就用这个就够了下载完这个模型之后那我们来看下一步啊这边让他下载就行了下一步处理数据集好我们这边数据集是这个格式我现在假设大家可以采集到这样的数据集就是啊是一个json格式然后里面里面是一个列表然后列表里面是字典这边啊这些就是我们的这个创作背景然后这个是试的标题这个是试的证文好那我们看一下这个啊就是要运行这个啊运行这个data to new的代码就是这一份代码我们把这边都缩起来看一下好这边我们呃这个of就是这个文件这个文件的名字然后nf就是运行完之后生成一个新的文件新的一个json然后最后再生成这个poetry road的点点json的文件就是最终我们要得到这个文件啊这是中间文件他们三个有什么区别就是这个文件里面这个文件里面它的这个创作背景是分开的好然后运行的这个运行的我们现在模型已经下好我们直接来运行这个文件那他会把这些创作背景呃整合到一起就是整合到这个背景里面好那如果你的数据已经是这个样子了你的数据已经是这个样子了那我们运行运行这个data2new的时候需要进行一个改动啊就是把这个注释掉把这行也注释掉这行就是把他这两行就是把这个创作背景整合到一起然后还有还有一个地方这个就是直接输入你你的文件假文件的名字这个是把创作背景整合到一起的情况最终啊他根据这个又生成了这个新的文件每行一条数据是一个比较标准的输入格式了就是我们训练的时候一般都是用message然后里面是一个rower角色好就是总之我们最终要得到这样这个样子每行是一条数据那如果如果你的原始数据跟我不一样反正你能整理到这个样子就可以了每条是一个数据对吧好那在运行这个代码之前还有一些地方需要注意的啊还有一些地方需要注意的把这些都要注意就是这个第一个如果你整合到一起但是这个背景字段跟我不一样就是你在这里面在这里面写的这两个字不是比如说创作背景那你就要把这边的这两个字改成创作背景这两个字也可能创作背景好第二个是我们要看一下这个代码这个代码我是假设大家的格式是长这样子的如果不是啊比如说你这边时间地点前时时间这些都跟我不一样那你要改一下这这边就是你的创作背景里面有哪些参数你要把这边的参数改成你的创作背景里面的参数好接下来还有个地方就是这个title这个title就是识的标题这个content是识的中文如果你这个跟我不一样那你后面的代码也要改啊就是这里面你也要改掉比如说你那个title不是title而是比如说是标题那你这边就要改成标题然后这个content是这个识的证文吗如果你你的这个content是比如说你写的是识的证文上面这个你这边是写的是识的证文那你要也要改成识的证文就是这两个地方需要注意其他就没有了好接下来看下一步啊下一步就是好我们现在数据都整理好了模型也下载好了下一步就进入到啊这个训练的阶段啊训练还还有一步啊就是我们刚才把模型转化成这个格式啊转化成这个格式需要再把他转化成最终输入的格式啊那就运行这个data这一步就直接运行就好了就运行这个data我们运行一下还是data.p1就是根据这个的2.2运行这样在嘛他正在运行啊对这个数据进行处理啊等会可以看一下他处理后的效果最后我会把这份代码放到这个github上面啊大家可以去上面上面下载包括这个数据基因他处理完应该会生成一个新的文件讲啊我们这个模型啊这个这份代码的所有参数都在通过这个config.yml这个文件来设置啊大部分的参数都在这里设置啊这是模型的保存的路径啊这个不要改因为啊这个如果改了之后你要把这里面的这个也改掉啊这个边这边我没有设置啊这边没有设置跟那个那边一起这边我们是网络出了问题啊网络出问题用到了hug in face哦我刚才是这里写错了这些错了那我把这里改一下我想一下怎么处理这边应该是这个鞋杠啊然后写错了那我把这个改一下可以的呀然后这个刚写错了这个鞋刚写反了现在我把这个然后他又他就重新去下改一遍模型我现在把模型都移到这里面移到这里面这样应该就没有问题了啊这个模型就移动到这个文件夹里面来运行一下OK了马上好了因为刚才他这个模型的位置跟这个configure跟这个configure的这个模型的位置不一致所以导致他要重新下载一遍那我现在给他改过来他就马上运行好了好那么可以看一下就是我们最终就是要把数据整理成这样的格式再输给模型去训练这也不就是做这个操作啊就是这个是标准的输入训练的格式然后im starts表示这个表示就是一个骑士的标志然后这是system就是system说的话系统啊你是一个才华横移的诗人选择模仿输示然后接下来im starts用的就是用胡说的话就是具体的创作背景接下来啊这个im end就是结束的标志接下来又开始是assistant就是模型回答的内容think我们没有think内容好接下来是他生成的内容好那这一步已经好了那我们看这个我保存一下下一步下一步要开始训练那开始训练之前我们看一下这个介绍很简单就是运行这个代码他就开始做训练了所以代码就运行的命令非常简单那我们可以看一下这里面的参数我先给他运行起来因为这个运行可能要一定的时间Python然后是lora-t.py这边提示这个要用量化的话要打入这个库啊我们来打入一下好开始训练啊这边因为有显卡所以拿训练起来是比较快的这已经训练好了就发了几秒我昨天用CPU训练的话是用了一个小时啊就是3600秒那这个大概是8秒那就是有300多倍的速度差距啊所以有显卡是很重要的那看一下看一下我们这个配置先看一下配置我这边是训练的话是训练100条我现在把它改多一点因为昨天那个速度很慢我记得是在这里啊对那把它改成全部训练全部是3000多条我这边写4000它就会全部训练侵碰一下好那我们在训练的时候我们来看一下这个看一下这个参数啊参数是有些地方我们可以改啊这个是最大的啊Token长度这个是模型的名字啊这个就不用管它这是LauraLaura参数啊这个可以可以改大一点大家改大一点啊对电脑的性能要求就越高下面那么一Poke啊这个最好是知道1到3之间可以试着为3我这边为了训练快一点就设这位1就好了接下来PeshSize看你电脑的配置电脑配置好的话可以变大这边也可以变大一点后面的后面就没有修改了后面基本上都不需要修改那主要就是可以修改啊这个跟这个吧好这边也又训练好了非常快我们看一下最终的结果怎么看啊训练完成之后它会生成这个图一个圈loss的图这个就就是我们训练的loss越来越低啊就说明质量是越的效果是越来越好啊他生成的是就越来越好这个是他的日子啊就是这个loss的记录好我们一共训练的25步25步然后再看一下这个这个是他最后生成的诗词的效果看一下农冬大学还是刚才那个那现在的效果应该比刚才好他写的时候他先有一个sync然后接下来是冬夜访故人雪人一红澡入苍王孤灯照影半寒窗这个我感觉是比刚才要好啊因为这个读起来读起来就感觉比较好一点然后这个内容跟苏氏都非常的相关下面有一首啊这边大家也可以看一下效果怎么样我也不转眼然后再看上面啊就是训练的结果也会保持到这这文件和这文件里面最后还有个代码对吧这个tester来来运行一下啊这个tester代码我把它也写到这里面最后4测试代码运行这个测试代码啊我们可以就是输入输入一个背景让他帮我们写首诗我们来试一下效果好我们python tester使用枯打让他加载模型我们输入一个创作背景我们随便写一个比如说是1091085年写出来长城大学故人故人有完心情剩佳人好我看一下他会写出怎样的诗句啊这边要等待一下他是全部生成好在一次性输出这边比如说他生成1000个字那可能要花个几十秒对差不多那看一下这个效果我们输入是这个然后他生成的诗词他先好根据这个情境背景是1085年他也分析了一下好那我们最后再来看一下这个我们训练的这个代码具体是长什么样子怎么样的我们用通过多通过举别特来查看啊我这边已经打开了举别特了好同样是这个罗尔钢T的代码只是他变成了ip ynb的格式然后用举别特来运行我们主航来看一下这个运行我运行的过程我这边不重新运行的因为运行起来啊很慢我这边本地的电脑是没有没有独显的跑起来非常久而且跑起来这个内存要占用10个G左右现在是现在是没有没有跑起来所以他没有占用内存看一下首先啊导入我们需要的库啊接下来设置一些必要的参数参数就是从这个刚才讲的这个config.yml这个文件里面读取的出来的啊就在里面配置的参数都是有效的好读取出来之后我给他输出来看一下啊就是这个就是跟里面是一模一样的再往下啊再往下是这个随机种子啊为了保证这个结果的一致性接下来啊加载模型加载模型这边是啊会根据你的电脑你的电脑去设置如果有有显卡的话有显卡的话他就会啊要用显卡并且用用这个量化量化技术还节省显卡显存的占用啊应该6个G以上的显存应该都是够用的6个G啊好保守一点8个G啊8个G内存好这边是用到量化技术技术啊4bit量化嗯接下来还要嗯还有一个呃bf16就是本来他是用用这个flow32吗我们把它换成呃flow16嘛这个也会啊节省这个显存同时啊加速这个训练速度好然后加载模型同时加载模型啊加载完之后我这边就把模型释出来啊模型大概长这样子啊就是一个transform的架构Invading是15万多啊就是有15万个词表然后隐藏层是2048啊隐藏层一共是28层是千万3 decoder rail啊这边里面的self attention自助于力机制是qkvo啊四个然后有这个全年阶层接下来是加载数据就用了100条数据来训练啊因为这边特别慢好接下来是训练参数的设置首先是LauraLaura的参数这边也显示了训练的比例啊7一个参数通过Laura技术只需要训练三百多万个参数接下来是训练的参数设置好这边就开始训练了可以看一下这边训练一共花了57分钟啊最后是这个loss就是越来越低啊越来越低说明效果越来越好啊最后把训练好的模型保存起来还有一些啊数据保存起来并且画出这个渠线图结果保存到日子里面啊渠线图长这样子跟刚才的其实也差不多好再下来是测试测试读取这个模型这边测试也用了非常久啊如果大家看到这边有个新号他一直没动那就是他还在运行啊这边我大概也跑了20分钟就是这两条数据就画了20分钟来来生成啊这个就是测试的啊这边输入是背景农中大学老友来访唯有业化然后他经过sync之后啊最后输出了接收室冬夜既有这边就是啊这样怎么样大家可以看一下对吧这个就是整个流程啊整个罗娜刚t 点皮外这个代码完整的代码好那大家呃大家在跑这份代码的时候我在重新输了一遍啊这个整全部流程第一个是安装环境第二个是第二步是这个下载模型下载模型这一步没有下载的话其实他运行后面的代码的时候他也会自动下载但是后面自动下载的话他会去国外的哈根菲斯下载速度会非常的慢所以这一步一定要先运行就是这个要按顺序的运行接下来是数据级的处理在接下来就是啊训练代码训练代码就跑这个罗娜刚t的代码刚你也可以不跑这个代码换成直接跑这个两个代码选择一个就可以了注意里面就是这个罗娜刚t.ipynb好这两个如果你选择这个那就按照这个顺序一哈啊一块一块的往下运行就可以了根据这个这个的话就是每一块都运行出来都有一个输出看起来比较舒服但是这边这边训练我训练下来是比自己直接在这里直接在这里训练的时候要骂很多然后这个训练完之后最后还可以做一个测试tester就是运行了之后运行了之后就是这边可以互动我们输入创作背景它写一首诗输入quits对退出退出这个运行代码的时候大家可以按这个按钮它就可以弹出下面运行的界面整个Laura微调的这个任务就完成了output_txt: saving output to 'reports/video-reimport-20260830-cuda-zh/transcripts/39256460576-1-192.txt'
output_json: saving output to 'reports/video-reimport-20260830-cuda-zh/transcripts/39256460576-1-192.json'

whisper_print_timings:     load time =  3371.44 ms
whisper_print_timings:     fallbacks =   0 p /   2 h
whisper_print_timings:      mel time =  1827.77 ms
whisper_print_timings:   sample time = 16219.73 ms / 25941 runs (     0.63 ms per run)
whisper_print_timings:   encode time =  1693.97 ms /    71 runs (    23.86 ms per run)
whisper_print_timings:   decode time =   477.13 ms /    74 runs (     6.45 ms per run)
whisper_print_timings:   batchd time = 39276.78 ms / 25516 runs (     1.54 ms per run)
whisper_print_timings:   prompt time =   921.80 ms /  9191 runs (     0.10 ms per run)
whisper_print_timings:    total time = 65101.58 ms
