ggml_cuda_init: found 1 CUDA devices (Total VRAM: 8187 MiB):
  Device 0: NVIDIA GeForce RTX 4060 Ti, compute capability 8.9, VMM: yes, VRAM: 8187 MiB
whisper_init_from_file_with_params_no_state: loading model from '/home/work/asr/.runtime/models/ggml-small.bin'
whisper_init_with_params_no_state: use gpu    = 1
whisper_init_with_params_no_state: flash attn = 1
whisper_init_with_params_no_state: gpu_device = 0
whisper_init_with_params_no_state: dtw        = 0
whisper_init_with_params_no_state: devices    = 2
whisper_init_with_params_no_state: backends   = 2
whisper_model_load: loading model
whisper_model_load: n_vocab       = 51865
whisper_model_load: n_audio_ctx   = 1500
whisper_model_load: n_audio_state = 768
whisper_model_load: n_audio_head  = 12
whisper_model_load: n_audio_layer = 12
whisper_model_load: n_text_ctx    = 448
whisper_model_load: n_text_state  = 768
whisper_model_load: n_text_head   = 12
whisper_model_load: n_text_layer  = 12
whisper_model_load: n_mels        = 80
whisper_model_load: ftype         = 1
whisper_model_load: qntvr         = 0
whisper_model_load: type          = 3 (small)
whisper_model_load: adding 1608 extra tokens
whisper_model_load: n_langs       = 99
whisper_model_load:        CUDA0 total size =   487.01 MB
whisper_model_load: model size    =  487.01 MB
whisper_backend_init_gpu: device 0: CUDA0 (type: 1)
whisper_backend_init_gpu: found GPU device 0: CUDA0 (type: 1, cnt: 0)
whisper_backend_init_gpu: using CUDA0 backend
whisper_init_state: kv self size  =   18.87 MB
whisper_init_state: kv cross size =   56.62 MB
whisper_init_state: kv pad  size  =    4.72 MB
whisper_init_state: compute buffer (conv)   =   23.38 MB
whisper_init_state: compute buffer (encode) =   33.85 MB
whisper_init_state: compute buffer (cross)  =    6.20 MB
whisper_init_state: compute buffer (decode) =   98.21 MB
read_audio_data: reading audio data from 'reports/video-reimport-20260830-cuda/audio/40323254981-1-192.wav' ...
read_audio_data: trying to decode with miniaudio

system_info: n_threads = 4 / 8 | WHISPER : VITISAI = 0 | COREML = 0 | OPENVINO = 0 | CUDA : ARCHS = 890 | CPU : SSE3 = 1 | SSSE3 = 1 | AVX = 1 | AVX2 = 1 | F16C = 1 | FMA = 1 | BMI2 = 1 | OPENMP = 1 | REPACK = 1 | 

main: processing 'reports/video-reimport-20260830-cuda/audio/40323254981-1-192.wav' (14664704 samples, 916.5 sec), 4 threads, 1 processors, 5 beams + best of 5, lang = zh, task = transcribe, timestamps = 0 ...


大家好 各位小伙伴们大家好今天要给大家去讲解的是我们大模型算法后训练项目的第三阶段构建训练的书记集前景题就是我们想要完成一个大模型的后训练项目它的目标是去训练部署一个大模型但是它的参数量比较小我们把它叫做本地的小模型它运行在本地这个也就是意味着你使用自己的一个CPO你自己的一个轻薄的笔记本甚至都不是游戏本你就可以去运行这样的项目 这是第一点而且它的参数量比较小所以我们训练的过程中去使用我们会租借远端的一个平台大概的花费在100块钱以内它整体使用的一个技术站就是使用SFT就是微调以及DPO的一个强化学习相关的东西去进行后训练让这个模型能够本地的这样的一个模型能够达到在效率上也比较好在效果上也有更好的效果的这样子的一套项目这样的一个目标就是让所有人都能够去没有什么一些硬件上的门槛或者是限制能够去完成一个大模型算法的一个后训练项目完成了以后在求职市场上对于要求你比如说有些微调的经验或者强化学习的经验你最少能够自信的说我有相关的经验我走通了整个流程这是我们项目的一个目标之前其实我们完成了前两个阶段前两个阶段总结来说特别简单我们搭建了一套本地的一个评估的一个数据级然后一套评估的流程它能够让不同的模型的参数量在这套训练级上去评估级上去跑跑完了以后我们可以看到任务的正确性有效的通过性以及它的延迟这一块后面的比如说它现在的任务正确率在千万四币上只有67.6后续从67.6去比如说提升到90%多就是我们后面训练的一个目标和评估的一个标准这是前面两个阶段做的事第三个阶段其实也特别简单第三个阶段简单来说就是去构建训练的数据级这个训练的数据级你可以更具体来说你就理解为就是强化学习DPO相关的训练级以及SFG相关的手机我们可以看一下在这个data下面的process这里有一个DPO和SFT为0.1我们这个DPO做了大概是150条凭验证级是有15条训练级是有135条总共加起来是150条DPO的数据量级通常来说比SFT要少所以它是150条我们是第一把然后后面SFT大概是有一个500条所以它的按照9比1区分训练级和验证级的话在这个验证级这里大概就有450条是这样的一个就是我们这一阶段的目标按数或者它的不同的效果第三个就是V条第四个是进行多摩太第五个是Asian的评估所以我的一个感受就是首先我们这个项目还是很值得学习的因为比如说它涉及到本地的模型去对比以及博主说的另外一个V条另外的我一个感受就是感觉全球的商品市场好像都一样就这五个方向你其实放在因为这是印度的博主它是对全球的人来说但是其实你放在中国的市场上也是一样的所以我觉得这个项目做完以后对我的帮助还是很大的好回到三阶段的学习方法来说其实每个阶段都是一样你可以切换到每个阶段有它自己的分支然后去长对应的lock.md这个文件就是我想要告诉你的这个阶段最重要一个重点通常包括如何做的这个阶段的目标是什么然后以及你自己是要运行的时候你要运行哪些东西去体会整个过程以及学习的重点甚至是有一些面试的整体包括还有一个讲解视频就是你学习每个阶段的一个方法回到当前的阶段我们这一个阶段的目标就是构建训练的一个数据级它项目是如何完成的我每次都会记录一些完成的一些心得因为我希望如果你是想自己做一遍你也能够从每个节点去做一下然后按照我走过来的一些路来告诉你我大概是如何做的遇到了一些坑其实阶段2也是去做数据级我当时我讲到我觉得在这个阶段最大的一个困惑或者是踩的坑就是因为我们整套阶段都是使用superpowers的工作流来完成就是说它会根据大家可以自己去试一下就是你切换到这个节点代码还没有你就直接使用superpower让ai去读你的这个finance back这整个文档然后告诉他你来完成第三阶段的具体的一个细节他就会在这个文档下下面去写生辰对应的superpower的对应的一些文档然后还有实施的规划带你一步一步完成我们二阶段就是整个做的然后二阶段我最大的一个踩的坑就是说因为我们是要去构建数据级的如果你自己都没有想清楚你自己的业务场景比如说有哪些的训练级哪些的场景然后对应着哪些的数据级以及要遵循哪些规则的话你让ai通常他写第一版他并不是说特别的清楚他能够把整个流程写完但是写完了以后你在抽检的时候你发现整个数据有非常多的前后不一致的地方或者不符合你的预期的地方那这个这是二阶段踩的坑这个阶段项目如何完成的很简单你自己就可能完成用superpowers完成整合工作流但是我截取了二阶段的一个经验也就是说我没有让ai直接生成数据而是定义了非常多的一些格式或者是要求可以看一下在superpowers下面的specs的space on the structure generation里面这是我用这一套方法去产生的这个superpowers插件产生的中间过程你可以去看但是如果自己做的话你非常简单的就是自己也能够生成对应的一个spec文档所以我给大家去看一下按照我这个方法生成的一些中间过程其实就是在这里这个文档是ai写出来它会让我去确认然后在整个过程中整个数据流大概要做什么然后有哪些的类然后包括哪类的数据你有要生成哪些业务场景的数据以及满足哪些要求这些其实我是跟ai去对的非常仔细我比较注重去审核这个文档因为每一类甚至是我要求它去给出一个对应的参考实力那我去审这个参考实力按照这个规则来写清楚包括最后我们整个生成了以后我们会根据原始的数据去生成对应的sft和dpo的数据然后它其实是会涉及到一个规则扰动的方法我们可以看一下前面的流传图我们后面会细讲你先生成原始的方法原始的样本然后再生成按照规则去生成sft和dpo的数据这个怎么样子去进行生成的规则扰动的方法我都跟ai看得非常清楚核心就在这个文档上当我把这个文档去写清楚了以后我后面再去生成整个数据的过程中我发现质量还是比较高的其实生成了以后其实我就采用了第一个思想就是小规模验证在扩大范围因为文档上写的最一开始的建议是训练最好是1000个我们的要求是1000个量级的这样数据但是我先生成500个签句验证试一下这是第一个第二个我和他一起进行了一个人工的抽检就是生成好了以后我让ai比如说我说对应的预约信息这个也就是我们二阶段踩的坑就是你不规定好那他确实会有一个法官但是如果你规定很好在我看来我用的是gbt5.6去生成的他的这个数据的质量还是达到了初看还是达到我的要求的这是如何去做的整个我们你自己也可以去感兴趣的可以自己去尝试一下接下来是整体的业务目标和核心的逻辑其实因为我们整个项目都是用WireCoding做的说实话在整个过程中我真的是没有看一横代码但是我花了非常多的时间去设计Spark以及每一个节点它写出来以后是如何运行它有哪些关键的模块这些事你不看代码你也一定要知道的东西所以这个阶段其实我就是告诉你你在WireCoding的时代你不看代码哪些东西你一定要看这一块首先就是整体你这个阶段运行的一个逻辑它到底是怎么运行起来的你必须知道对吧它首先就是最核心的就是我们第三节转它最核心的是这样子的一个函数通过UV RUN然后填不同的参数你就能够生成对应的我们目标是什么目标是生成SFT和DPO的数据训练的数捷题对吗这样的一个命令所以这个命令到底是如何串起来的以及每一个参数这个压谋文件里有哪些东西可以去指定这是你需要知道的包括在这个Output我们指定的这个data里面我们可以去写一些改一些不同类型生成数据的一些数量来控制整个生产数据级的流水线这个是你要知道的那具体是如何运行的呢再细致一点就是整体来说我们需要生成的这样规则去写成一个pram的一个模板通过这个模板用强模型来去生成原始的数据也就是说所有的一切都是通过提示词来完成的我告诉他去生成生成最终的一个原始的你可以去看提示词在generator.py文件里然后生成了一份原始的数据样本然后通过原始的数据样本再通过不同的渲染去生成对应的DPO和SFT什么是原始的样本我们先讲一下因为虽然说我们最后生成的是SFT和DPO但是我们最开始生成的一份数据我们把它叫做Roll我们看一下这个Jason里也就是说这是一份Jason的格式但是它不应不遵循训练框架所需要的一些数据的格式它可以按照自己的text就是我自己许定我标记为这个数据级或者是数据样本它是去测试追问的去测试相对时间这些都是我自己去规定的包括它的ID它的预期是什么我可以给它打上一些倍数包括Reply tab它在格式是完全我自己使用它不是用来训练的这是原始的数据样本然后我们生成了这样的一个原始的Jason以后再通过这个样本去生成对应的SFT和DPO的样本你可以看一下SFT这样的一个格式就是比较标准的Lama Factory去生训练的Share GPT模式的一个样本它是有固定的格式的你True你True的最终的一个结果就是要叫Observation你只能叫这个名字你如果需要进行Function Core的时候你要叫Function Core你不仅不能叫True Core总而言之这个就是标准的一套框架约定的数据的一个格式所以生成SFT和DPO包括DPODPO它最典型的一个特点就是有True and Rejected是这样子的这个是我们最终用来去训练的一个要的数据所以整体而言我们先生成了一个原始的数据然后通过这样的一个原始的数据我们进行一些数据的教业我们有一个专门的类然后它去统计比如说难力一定要达到多少的比例以及你前后是否有一些不一致的地方就比如说我要求它有一次输入一定历史信息有一次用户的输入那一定要有一个assassin的输出这样的是一些质量规则方面的教验然后如果教验不通过它就会再去进行迭代当教应通过以后也就是认为我们的原始的数据样本是合理的然后按照业务的类型就进行9比1的训练级和验证级的一个切分这个是训练里面需要的知识你要把数据级去切分成用来训练和验证深度学习训练相关的多用戏最后通过这个row你怎么样子能够变成sharedGBT的这样的sft的格式sft的格式其实很简单就是你如果有一些背景知识就是它一定要你按照它的规则写清楚对应的预期是什么因为我们在row的数据级中就有对应的expect是什么所以你只要按照规则去渲染就行了对应的dpo里面它不光要有什么样的是标准答案还要有错误的答案我们就是要定义一个规则的扰动就是怎么样通过row的这样的一个正确的案来生成rejected比如说模型很喜欢在下一步应该是进行方圣课去澄清一些细节去拿到一些信息但是它直接进行了一个最终的回复就可以把这个reject里面的这样的一个内容去编一个方圣课来作为错误的答案这个规则扰动我觉得也是比较笨就是面试关系最终有一个data set info的这样的一个json的这样的一个文件这个文件是后面训练需要提供的相当于告诉你这个数据大概长什么样子这样的一个流程然后最后是交给辣马点factor整体的一个流程大概如何做的里面每一个规则扰动对应哪一个类是如何去实现的这些是你需要知道的这个阶段最核心的内容我只是大概的去讲一下你可以去问一下ai这是你一定要知道的output_txt: saving output to 'reports/video-reimport-20260830-cuda-zh/transcripts/40323254981-1-192.txt'
output_json: saving output to 'reports/video-reimport-20260830-cuda-zh/transcripts/40323254981-1-192.json'

whisper_print_timings:     load time =   486.31 ms
whisper_print_timings:     fallbacks =   0 p /   0 h
whisper_print_timings:      mel time =   676.05 ms
whisper_print_timings:   sample time = 11626.06 ms / 18459 runs (     0.63 ms per run)
whisper_print_timings:   encode time =   693.98 ms /    31 runs (    22.39 ms per run)
whisper_print_timings:   decode time =   497.07 ms /    93 runs (     5.34 ms per run)
whisper_print_timings:   batchd time = 25896.19 ms / 18215 runs (     1.42 ms per run)
whisper_print_timings:   prompt time =   361.71 ms /  3960 runs (     0.09 ms per run)
whisper_print_timings:    total time = 40702.24 ms
