ggml_cuda_init: found 1 CUDA devices (Total VRAM: 8187 MiB):
  Device 0: NVIDIA GeForce RTX 4060 Ti, compute capability 8.9, VMM: yes, VRAM: 8187 MiB
whisper_init_from_file_with_params_no_state: loading model from '/home/work/asr/.runtime/models/ggml-small.bin'
whisper_init_with_params_no_state: use gpu    = 1
whisper_init_with_params_no_state: flash attn = 1
whisper_init_with_params_no_state: gpu_device = 0
whisper_init_with_params_no_state: dtw        = 0
whisper_init_with_params_no_state: devices    = 2
whisper_init_with_params_no_state: backends   = 2
whisper_model_load: loading model
whisper_model_load: n_vocab       = 51865
whisper_model_load: n_audio_ctx   = 1500
whisper_model_load: n_audio_state = 768
whisper_model_load: n_audio_head  = 12
whisper_model_load: n_audio_layer = 12
whisper_model_load: n_text_ctx    = 448
whisper_model_load: n_text_state  = 768
whisper_model_load: n_text_head   = 12
whisper_model_load: n_text_layer  = 12
whisper_model_load: n_mels        = 80
whisper_model_load: ftype         = 1
whisper_model_load: qntvr         = 0
whisper_model_load: type          = 3 (small)
whisper_model_load: adding 1608 extra tokens
whisper_model_load: n_langs       = 99
whisper_model_load:        CUDA0 total size =   487.01 MB
whisper_model_load: model size    =  487.01 MB
whisper_backend_init_gpu: device 0: CUDA0 (type: 1)
whisper_backend_init_gpu: found GPU device 0: CUDA0 (type: 1, cnt: 0)
whisper_backend_init_gpu: using CUDA0 backend
whisper_init_state: kv self size  =   18.87 MB
whisper_init_state: kv cross size =   56.62 MB
whisper_init_state: kv pad  size  =    4.72 MB
whisper_init_state: compute buffer (conv)   =   23.38 MB
whisper_init_state: compute buffer (encode) =   33.85 MB
whisper_init_state: compute buffer (cross)  =    6.20 MB
whisper_init_state: compute buffer (decode) =   98.21 MB
read_audio_data: reading audio data from 'reports/video-reimport-20260830-cuda/audio/40630749970-1-192.wav' ...
read_audio_data: trying to decode with miniaudio

system_info: n_threads = 4 / 8 | WHISPER : VITISAI = 0 | COREML = 0 | OPENVINO = 0 | CUDA : ARCHS = 890 | CPU : SSE3 = 1 | SSSE3 = 1 | AVX = 1 | AVX2 = 1 | F16C = 1 | FMA = 1 | BMI2 = 1 | OPENMP = 1 | REPACK = 1 | 

main: processing 'reports/video-reimport-20260830-cuda/audio/40630749970-1-192.wav' (16270315 samples, 1016.9 sec), 4 threads, 1 processors, 5 beams + best of 5, lang = en, task = transcribe, timestamps = 0 ...


 Hello, guys. We are actually in the far corner of Zuka. I've already tried the entire cost of Zuka for everyone. It's less than 20 yuan. So this means that everyone in this project can run. Everyone can do a set of project that will be done by themselves. Okay, how do you use this project? Or who does it suit? First of all, it is especially suitable for your goal. It is to develop or expand the project. I started using this idea last year when I was doing my 12th interview. Last year, when I was doing my first interview for a large model project, I told the interviewer that I was using the model of this project. I did some things related to the algorithm. What do you think? What do you think? What do you think? What do you think? Okay, what do you think? What do you think? What do you think? What do you think? What do you think? What do you think? What do you think? What do you think? What do you think? What do you think? What do you think? What do you think? Okay, if you don't even want to run, then you should learn the theory part. Although I will summarize the more specific of this project, But according to the period, you will be more relaxed later. That's the important information of this project. One is the whole process. Although you don't look at the code, you should know what happened to the whole training. So we divided into two ways. One is SFT, the other is DPO. The first point you should pay attention to is that the training must have parameters. The parameters are written in the YAML page. We wrote a base SFT and base DPO. The second one is LAMAFACTORY GANG CLI. The third one is the data process. The second one is the collect, the artifact. The whole process of the whole process should be in the experiment. So if you want to know where the whole training is, you should know that the experiment in the code warehouse has different parameters. You can restore the model of the training here, including the parameters of the training. The fourth one is the run matrix. The second part of the experiment is the run matrix. The third part of the experiment is the run matrix. The fourth part of the experiment is the run matrix. The second part of the experiment is the run matrix. The third part of the experiment is the run matrix. The fourth part of the experiment is the run matrix. The fourth part of the experiment is the run matrix. The second part of the experiment is the run matrix. The third part of the experiment is the run matrix. The fourth part of the experiment is the run matrix. The fifth part of the experiment is the run matrix. The fifth part of the experiment is the run matrix. The fifth part of the experiment is the run matrix.output_txt: saving output to 'reports/video-reimport-20260830-cuda/transcripts/40630749970-1-192.txt'
output_json: saving output to 'reports/video-reimport-20260830-cuda/transcripts/40630749970-1-192.json'

whisper_print_timings:     load time =   410.81 ms
whisper_print_timings:     fallbacks =   1 p /   8 h
whisper_print_timings:      mel time =   673.12 ms
whisper_print_timings:   sample time =  2409.86 ms /  3364 runs (     0.72 ms per run)
whisper_print_timings:   encode time =   705.11 ms /    34 runs (    20.74 ms per run)
whisper_print_timings:   decode time =  3365.52 ms /   721 runs (     4.67 ms per run)
whisper_print_timings:   batchd time =  4481.32 ms /  2482 runs (     1.81 ms per run)
whisper_print_timings:   prompt time =   386.66 ms /  4327 runs (     0.09 ms per run)
whisper_print_timings:    total time = 12806.44 ms
