ggml_cuda_init: found 1 CUDA devices (Total VRAM: 8187 MiB):
  Device 0: NVIDIA GeForce RTX 4060 Ti, compute capability 8.9, VMM: yes, VRAM: 8187 MiB
whisper_init_from_file_with_params_no_state: loading model from '/home/work/asr/.runtime/models/ggml-small.bin'
whisper_init_with_params_no_state: use gpu    = 1
whisper_init_with_params_no_state: flash attn = 1
whisper_init_with_params_no_state: gpu_device = 0
whisper_init_with_params_no_state: dtw        = 0
whisper_init_with_params_no_state: devices    = 2
whisper_init_with_params_no_state: backends   = 2
whisper_model_load: loading model
whisper_model_load: n_vocab       = 51865
whisper_model_load: n_audio_ctx   = 1500
whisper_model_load: n_audio_state = 768
whisper_model_load: n_audio_head  = 12
whisper_model_load: n_audio_layer = 12
whisper_model_load: n_text_ctx    = 448
whisper_model_load: n_text_state  = 768
whisper_model_load: n_text_head   = 12
whisper_model_load: n_text_layer  = 12
whisper_model_load: n_mels        = 80
whisper_model_load: ftype         = 1
whisper_model_load: qntvr         = 0
whisper_model_load: type          = 3 (small)
whisper_model_load: adding 1608 extra tokens
whisper_model_load: n_langs       = 99
whisper_model_load:        CUDA0 total size =   487.01 MB
whisper_model_load: model size    =  487.01 MB
whisper_backend_init_gpu: device 0: CUDA0 (type: 1)
whisper_backend_init_gpu: found GPU device 0: CUDA0 (type: 1, cnt: 0)
whisper_backend_init_gpu: using CUDA0 backend
whisper_init_state: kv self size  =   18.87 MB
whisper_init_state: kv cross size =   56.62 MB
whisper_init_state: kv pad  size  =    4.72 MB
whisper_init_state: compute buffer (conv)   =   23.38 MB
whisper_init_state: compute buffer (encode) =   33.85 MB
whisper_init_state: compute buffer (cross)  =    6.20 MB
whisper_init_state: compute buffer (decode) =   98.21 MB
read_audio_data: reading audio data from 'reports/video-reimport-20260830-cuda/audio/41299413525-1-192.wav' ...
read_audio_data: trying to decode with miniaudio

system_info: n_threads = 4 / 8 | WHISPER : VITISAI = 0 | COREML = 0 | OPENVINO = 0 | CUDA : ARCHS = 890 | CPU : SSE3 = 1 | SSSE3 = 1 | AVX = 1 | AVX2 = 1 | F16C = 1 | FMA = 1 | BMI2 = 1 | OPENMP = 1 | REPACK = 1 | 

main: processing 'reports/video-reimport-20260830-cuda/audio/41299413525-1-192.wav' (13805656 samples, 862.9 sec), 4 threads, 1 processors, 5 beams + best of 5, lang = en, task = transcribe, timestamps = 0 ...


 Hello. Hello. Hello. Hello. Hello. Hello. Hello. Hello. Hello. Hello. Hello. Hello. Hello. Hello. Hello. Hello. Hello. Hello. It's Relevance. It's Relevance. It's Relevance. It's Relevance. It's Relevance. It's Relevance. It's Relevance. It's Relevance. It's Relevance. RRF. RRF. RRF.output_txt: saving output to 'reports/video-reimport-20260830-cuda/transcripts/41299413525-1-192.txt'
output_json: saving output to 'reports/video-reimport-20260830-cuda/transcripts/41299413525-1-192.json'

whisper_print_timings:     load time =   407.95 ms
whisper_print_timings:     fallbacks =   2 p /   1 h
whisper_print_timings:      mel time =   570.53 ms
whisper_print_timings:   sample time =  1218.81 ms /  1423 runs (     0.86 ms per run)
whisper_print_timings:   encode time =   632.19 ms /    29 runs (    21.80 ms per run)
whisper_print_timings:   decode time =  3028.23 ms /   623 runs (     4.86 ms per run)
whisper_print_timings:   batchd time =  1298.17 ms /   690 runs (     1.88 ms per run)
whisper_print_timings:   prompt time =   250.94 ms /  1708 runs (     0.15 ms per run)
whisper_print_timings:    total time =  7623.08 ms
